<html>
<body>
<pre>
<h1>µVision Build Log</h1>
<h2>Tool Versions:</h2>
IDE-Version: ¦ÌVision V5.28.0.0
Copyright (C) 2019 ARM Ltd and ARM Germany GmbH. All rights reserved.
License Information: GU Microsoft, Microsoft, LIC=1WS45-GQ4DB-EXIUX-H8FDX-8PH1J-G6Z60
 
Tool Versions:
Toolchain:       MDK-ARM Professional  Version: 5.28.0.0
Toolchain Path:  D:\Useful\Keil for ARM V5.28\ARM\ARMCC\Bin
C Compiler:      Armcc.exe V5.06 update 6 (build 750)
Assembler:       Armasm.exe V5.06 update 6 (build 750)
Linker/Locator:  ArmLink.exe V5.06 update 6 (build 750)
Library Manager: ArmAr.exe V5.06 update 6 (build 750)
Hex Converter:   FromElf.exe V5.06 update 6 (build 750)
CPU DLL:         SARMCM3.DLL V5.28.0.0
Dialog DLL:      DARMCM1.DLL V1.19.2.0
Target DLL:      Segger\JL2CM3.dll V2.99.36.0
Dialog DLL:      TARMCM1.DLL V1.14.1.0
 
<h2>Project:</h2>
E:\¹¤×÷\»ôÄáÈ¼Æø¼ì²â\Git code\HC32L110\project\Application Firmware\V1.0\MDK\App_V1.0.uvprojx
Project File Date:  04/12/2020

<h2>Output:</h2>
*** Using Compiler 'V5.06 update 6 (build 750)', folder: 'D:\Useful\Keil for ARM V5.28\ARM\ARMCC\Bin'
Build target 'App_V1.0'
compiling driver_mid.c...
..\..\..\..\midware\driver_mid.c(101): warning:  #177-D: variable "ledstat"  was declared but never referenced
  	static bool ledstat=0;
..\..\..\..\midware\driver_mid.c(102): warning:  #177-D: variable "powerLowFlag"  was declared but never referenced
  	static uint8_t powerLowFlag=0;
..\..\..\..\midware\driver_mid.c(475): warning:  #550-D: variable "enResult"  was set but never used
      en_result_t      enResult = Error;
..\..\..\..\midware\driver_mid.c(533): warning:  #550-D: variable "enResult"  was set but never used
      en_result_t      enResult = Error;
..\..\..\..\midware\driver_mid.c(576): warning:  #177-D: variable "ledstat"  was declared but never referenced
  	static bool ledstat=0;
..\..\..\..\midware\driver_mid.c(613): warning:  #177-D: variable "stcAdtTIMBCfg"  was declared but never referenced
      stc_adt_CHxX_port_cfg_t stcAdtTIMBCfg;
..\..\..\..\midware\driver_mid.c(673): warning:  #550-D: variable "enResult"  was set but never used
      en_result_t      enResult = Ok;
..\..\..\..\midware\driver_mid.c(674): warning:  #177-D: variable "u32Cnt"  was declared but never referenced
      uint32_t         u32Cnt; 
..\..\..\..\midware\driver_mid.c(753): warning:  #177-D: variable "powerLowFlag"  was declared but never referenced
  		static uint8_t powerLowFlag=0;
..\..\..\..\midware\driver_mid.c(754): warning:  #177-D: variable "tick_5s"  was declared but never referenced
  		static uint8_t tick_5s=0;
..\..\..\..\midware\driver_mid.c: 10 warnings, 0 errors
linking...
Program Size: Code=26904 RO-data=688 RW-data=296 ZI-data=3360  
After Build - User command #1: D:\Useful\Keil for ARM V5.28\\ARM\ARMCC\bin\fromelf.exe --bin --output=Bin\app_V1.bin .\output\release\app_V1.0
".\output\release\app_V1.0" - 0 Error(s), 10 Warning(s).

<h2>Software Packages used:</h2>

Package Vendor: ARM
                http://www.keil.com/pack/ARM.CMSIS.5.5.1.pack
                ARM.CMSIS.5.5.1
                CMSIS (Cortex Microcontroller Software Interface Standard)
   * Component: CORE Version: 5.2.0

Package Vendor: HDSC
                https://raw.githubusercontent.com/hdscmcu/pack/master/HDSC.HC32L110.1.0.3.pack
                HDSC.HC32L110.1.0.3
                HC32L110 ARM Cortex-M0+ Device Family Pack

<h2>Collection of Component include folders:</h2>
  .\RTE\_App_V1.0
  D:\Useful\Keil for ARM V5.28\ARM\CMSIS\5.5.1\CMSIS\Core\Include
  D:\Useful\Keil for ARM V5.28\HDSC\HC32L110\1.0.3\Device\Include

<h2>Collection of Component Files used:</h2>

   * Component: ARM::CMSIS:CORE:5.2.0
Build Time Elapsed:  00:00:01
</pre>
</body>
</html>
