Component: ARM Compiler 5.06 update 1 (build 61) Tool: armlink [4d35a8]

==============================================================================

Memory Map of the image

  Image Entry point : 0x000000c1

  Load Region LR_IROM1 (Base: 0x00000000, Size: 0x00006da8, Max: 0x00008000, ABSOLUTE)

    Execution Region ER_IROM1 (Base: 0x00000000, Size: 0x00006ca0, Max: 0x00008000, ABSOLUTE)

    Base Addr    Size         Type   Attr      Idx    E Section Name        Object

    0x00000000   0x000000c0   Data   RO            3    RESET               startup_hc32l110.o
    0x000000c0   0x00000000   Code   RO         2476  * .ARM.Collect$$$$00000000  mc_p.l(entry.o)
    0x000000c0   0x00000004   Code   RO         2821    .ARM.Collect$$$$00000001  mc_p.l(entry2.o)
    0x000000c4   0x00000004   Code   RO         2824    .ARM.Collect$$$$00000004  mc_p.l(entry5.o)
    0x000000c8   0x00000000   Code   RO         2826    .ARM.Collect$$$$00000008  mc_p.l(entry7b.o)
    0x000000c8   0x00000000   Code   RO         2828    .ARM.Collect$$$$0000000A  mc_p.l(entry8b.o)
    0x000000c8   0x00000008   Code   RO         2829    .ARM.Collect$$$$0000000B  mc_p.l(entry9a.o)
    0x000000d0   0x00000000   Code   RO         2831    .ARM.Collect$$$$0000000D  mc_p.l(entry10a.o)
    0x000000d0   0x00000000   Code   RO         2833    .ARM.Collect$$$$0000000F  mc_p.l(entry11a.o)
    0x000000d0   0x00000004   Code   RO         2822    .ARM.Collect$$$$00002712  mc_p.l(entry2.o)
    0x000000d4   0x0000003c   Code   RO            4    .text               startup_hc32l110.o
    0x00000110   0x0000002c   Code   RO         2479    .text               mc_p.l(uidiv.o)
    0x0000013c   0x00000028   Code   RO         2481    .text               mc_p.l(idiv.o)
    0x00000164   0x00000024   Code   RO         2483    .text               mc_p.l(rand.o)
    0x00000188   0x00000024   Code   RO         2486    .text               mc_p.l(memseta.o)
    0x000001ac   0x00000018   Code   RO         2488    .text               mc_p.l(strcat.o)
    0x000001c4   0x0000000e   Code   RO         2490    .text               mc_p.l(strlen.o)
    0x000001d2   0x00000002   PAD
    0x000001d4   0x00000164   Code   RO         2781    .text               mf_p.l(dadd.o)
    0x00000338   0x000000d0   Code   RO         2783    .text               mf_p.l(dmul.o)
    0x00000408   0x000000f0   Code   RO         2785    .text               mf_p.l(ddiv.o)
    0x000004f8   0x0000001c   Code   RO         2787    .text               mf_p.l(dfltui.o)
    0x00000514   0x0000003c   Code   RO         2789    .text               mf_p.l(dfixui.o)
    0x00000550   0x00000060   Code   RO         2835    .text               mc_p.l(uldiv.o)
    0x000005b0   0x00000020   Code   RO         2837    .text               mc_p.l(llshl.o)
    0x000005d0   0x00000022   Code   RO         2839    .text               mc_p.l(llushr.o)
    0x000005f2   0x00000026   Code   RO         2841    .text               mc_p.l(llsshr.o)
    0x00000618   0x00000000   Code   RO         2856    .text               mc_p.l(iusefp.o)
    0x00000618   0x000000be   Code   RO         2857    .text               mf_p.l(depilogue.o)
    0x000006d6   0x00000002   PAD
    0x000006d8   0x00000040   Code   RO         2861    .text               mf_p.l(dfixul.o)
    0x00000718   0x00000028   Code   RO         2863    .text               mf_p.l(cdrcmple.o)
    0x00000740   0x00000024   Code   RO         2869    .text               mc_p.l(init.o)
    0x00000764   0x0000002c   Code   RO         2871    .text               mf_p.l(dscalb.o)
    0x00000790   0x00000028   Code   RO         2873    .text               mf_p.l(dflti.o)
    0x000007b8   0x00000048   Code   RO         2875    .text               mf_p.l(dfixi.o)
    0x00000800   0x00000064   Code   RO         2119    i.Adt5CompACalllback  driver_mid.o
    0x00000864   0x00000028   Code   RO         1524    i.AdtEnableNvic     adt.o
    0x0000088c   0x00000048   Code   RO         1549    i.Adt_ConfigIrq     adt.o
    0x000008d4   0x00000068   Code   RO         1564    i.Adt_GetCntState   adt.o
    0x0000093c   0x00000158   Code   RO         1569    i.Adt_IRQHandler    adt.o
    0x00000a94   0x00000088   Code   RO         1570    i.Adt_Init          adt.o
    0x00000b1c   0x00000040   Code   RO         1574    i.Adt_SetCompareValue  adt.o
    0x00000b5c   0x0000001c   Code   RO         1578    i.Adt_SetPeriod     adt.o
    0x00000b78   0x00000024   Code   RO         1581    i.Adt_StartCount    adt.o
    0x00000b9c   0x00000074   Code   RO         2120    i.Adtimer_init      driver_mid.o
    0x00000c10   0x0000005c   Code   RO          883    i.Bt_ARRSet         bt.o
    0x00000c6c   0x0000005c   Code   RO          886    i.Bt_Cnt16Set       bt.o
    0x00000cc8   0x000001f0   Code   RO          892    i.Bt_Init           bt.o
    0x00000eb8   0x00000054   Code   RO          893    i.Bt_Run            bt.o
    0x00000f0c   0x00000018   Code   RO          536    i.ClkUnlock         clk.o
    0x00000f24   0x00000014   Code   RO          537    i.ClkWriteDummy     clk.o
    0x00000f38   0x00000108   Code   RO          540    i.Clk_Enable        clk.o
    0x00001040   0x00000048   Code   RO          541    i.Clk_GetClkRdy     clk.o
    0x00001088   0x000000b0   Code   RO          542    i.Clk_GetHClkFreq   clk.o
    0x00001138   0x00000020   Code   RO          543    i.Clk_GetPClkFreq   clk.o
    0x00001158   0x0000001a   Code   RO          545    i.Clk_Init          clk.o
    0x00001172   0x00000002   PAD
    0x00001174   0x0000006c   Code   RO          547    i.Clk_SetHClkDiv    clk.o
    0x000011e0   0x00000050   Code   RO          548    i.Clk_SetPClkDiv    clk.o
    0x00001230   0x0000003c   Code   RO          549    i.Clk_SetPeripheralGate  clk.o
    0x0000126c   0x000000a0   Code   RO          550    i.Clk_SetRCHFreq    clk.o
    0x0000130c   0x00000070   Code   RO          552    i.Clk_SetRCL_StableTime  clk.o
    0x0000137c   0x0000004c   Code   RO          554    i.Clk_SetSource     clk.o
    0x000013c8   0x00000060   Code   RO          555    i.Clk_SetXTH_StableTime  clk.o
    0x00001428   0x00000060   Code   RO          557    i.Clk_SetXTL_StableTime  clk.o
    0x00001488   0x000000ac   Code   RO          558    i.Clk_SwitchTo      clk.o
    0x00001534   0x000000c4   Code   RO          559    i.Clk_SysTickConfig  clk.o
    0x000015f8   0x00000030   Code   RO          278    i.Debug_Output      ddl.o
    0x00001628   0x0000004c   Code   RO         2330    i.EeRecord_AddCRC   hdee5.o
    0x00001674   0x00000034   Code   RO         2331    i.EeRecord_Append   hdee5.o
    0x000016a8   0x00000044   Code   RO         2332    i.EeRecord_CheckCRC  hdee5.o
    0x000016ec   0x0000001e   Code   RO         2333    i.EeRecord_CheckFF  hdee5.o
    0x0000170a   0x00000002   PAD
    0x0000170c   0x00000078   Code   RO         2334    i.EeRecord_FindLastRecord  hdee5.o
    0x00001784   0x00000058   Code   RO         2335    i.EeRecord_FindNewSpace  hdee5.o
    0x000017dc   0x00000024   Code   RO         2336    i.EeRecord_PageFlag_Modify  hdee5.o
    0x00001800   0x00000018   Code   RO         2337    i.EeRecord_Write    hdee5.o
    0x00001818   0x00000054   Code   RO          352    i.EnableNvic        interrupts_hc32l110.o
    0x0000186c   0x00000014   Code   RO         2338    i.Flash_ErasePage   hdee5.o
    0x00001880   0x00000040   Code   RO         2339    i.Flash_Operation_DeIni  hdee5.o
    0x000018c0   0x000000bc   Code   RO         2340    i.Flash_Operation_Ini  hdee5.o
    0x0000197c   0x00000014   Code   RO         2341    i.Flash_ReadBytes   hdee5.o
    0x00001990   0x00000052   Code   RO         2342    i.Flash_WriteBytes  hdee5.o
    0x000019e2   0x00000002   PAD
    0x000019e4   0x00000024   Code   RO         1003    i.Gpio_ClearIrq     gpio.o
    0x00001a08   0x00000018   Code   RO         1005    i.Gpio_EnableIrq    gpio.o
    0x00001a20   0x00000018   Code   RO         1006    i.Gpio_GetIO        gpio.o
    0x00001a38   0x00000084   Code   RO         2121    i.Gpio_IRQHandler   driver_mid.o
    0x00001abc   0x00000168   Code   RO         1009    i.Gpio_InitIOExt    gpio.o
    0x00001c24   0x00000040   Code   RO         1010    i.Gpio_SetAnalog    gpio.o
    0x00001c64   0x00000048   Code   RO         1013    i.Gpio_SetIO        gpio.o
    0x00001cac   0x00000034   Code   RO         2122    i.Gpio_key_init     driver_mid.o
    0x00001ce0   0x00000068   Code   RO         2123    i.Gpio_lora_Init    driver_mid.o
    0x00001d48   0x00000016   Code   RO         2124    i.Gpio_vdetect_init  driver_mid.o
    0x00001d5e   0x00000048   Code   RO         2347    i.HDEE_Ini          hdee5.o
    0x00001da6   0x0000003e   Code   RO         2348    i.HDEE_Read         hdee5.o
    0x00001de4   0x00000046   Code   RO         2349    i.HDEE_Write        hdee5.o
    0x00001e2a   0x00000010   Code   RO          353    i.HardFault_Handler  interrupts_hc32l110.o
    0x00001e3a   0x0000000a   Code   RO          354    i.IRQ000_Handler    interrupts_hc32l110.o
    0x00001e44   0x0000000a   Code   RO          355    i.IRQ001_Handler    interrupts_hc32l110.o
    0x00001e4e   0x0000000a   Code   RO          356    i.IRQ002_Handler    interrupts_hc32l110.o
    0x00001e58   0x0000000a   Code   RO          357    i.IRQ003_Handler    interrupts_hc32l110.o
    0x00001e62   0x0000000a   Code   RO          358    i.IRQ006_Handler    interrupts_hc32l110.o
    0x00001e6c   0x0000000a   Code   RO          359    i.IRQ007_Handler    interrupts_hc32l110.o
    0x00001e76   0x0000000a   Code   RO          360    i.IRQ008_Handler    interrupts_hc32l110.o
    0x00001e80   0x0000000a   Code   RO          361    i.IRQ010_Handler    interrupts_hc32l110.o
    0x00001e8a   0x0000000a   Code   RO          362    i.IRQ012_Handler    interrupts_hc32l110.o
    0x00001e94   0x0000000a   Code   RO          363    i.IRQ014_Handler    interrupts_hc32l110.o
    0x00001e9e   0x0000000a   Code   RO          364    i.IRQ015_Handler    interrupts_hc32l110.o
    0x00001ea8   0x0000000a   Code   RO          365    i.IRQ016_Handler    interrupts_hc32l110.o
    0x00001eb2   0x0000000a   Code   RO          366    i.IRQ017_Handler    interrupts_hc32l110.o
    0x00001ebc   0x0000000a   Code   RO          367    i.IRQ018_Handler    interrupts_hc32l110.o
    0x00001ec6   0x0000000a   Code   RO          368    i.IRQ019_Handler    interrupts_hc32l110.o
    0x00001ed0   0x0000000a   Code   RO          369    i.IRQ020_Handler    interrupts_hc32l110.o
    0x00001eda   0x0000000a   Code   RO          370    i.IRQ021_Handler    interrupts_hc32l110.o
    0x00001ee4   0x0000000a   Code   RO          371    i.IRQ022_Handler    interrupts_hc32l110.o
    0x00001eee   0x0000000a   Code   RO          372    i.IRQ023_Handler    interrupts_hc32l110.o
    0x00001ef8   0x0000000a   Code   RO          373    i.IRQ024_Handler    interrupts_hc32l110.o
    0x00001f02   0x0000000a   Code   RO          374    i.IRQ026_Handler    interrupts_hc32l110.o
    0x00001f0c   0x0000000a   Code   RO          375    i.IRQ027_Handler    interrupts_hc32l110.o
    0x00001f16   0x0000000a   Code   RO          376    i.IRQ028_Handler    interrupts_hc32l110.o
    0x00001f20   0x0000000a   Code   RO          377    i.IRQ030_Handler    interrupts_hc32l110.o
    0x00001f2a   0x0000000a   Code   RO          378    i.IRQ031_Handler    interrupts_hc32l110.o
    0x00001f34   0x00000024   Code   RO          713    i.LPUartDeInitNvic  lpuart.o
    0x00001f58   0x00000008   Code   RO          714    i.LPUartGetInternDataCb  lpuart.o
    0x00001f60   0x00000024   Code   RO          715    i.LPUartInitNvic    lpuart.o
    0x00001f84   0x00000048   Code   RO          717    i.LPUart_ClrStatus  lpuart.o
    0x00001fcc   0x00000024   Code   RO          719    i.LPUart_EnableFunc  lpuart.o
    0x00001ff0   0x00000050   Code   RO          720    i.LPUart_EnableIrq  lpuart.o
    0x00002040   0x00000054   Code   RO          723    i.LPUart_GetStatus  lpuart.o
    0x00002094   0x00000066   Code   RO          724    i.LPUart_Init       lpuart.o
    0x000020fa   0x00000002   PAD
    0x000020fc   0x0000000c   Code   RO          725    i.LPUart_ReceiveData  lpuart.o
    0x00002108   0x00000044   Code   RO          726    i.LPUart_SelSclk    lpuart 